Archive member included to satisfy reference by file (symbol)

c:/ac6/systemworkbench/plugins/fr.ac6.mcu.externaltools.arm-none.win32_1.16.0.201807130628/tools/compiler/bin/../lib/gcc/arm-none-eabi/7.2.1/thumb/v6-m\libgcc.a(_udivsi3.o)
                              Board/Checker.o (__aeabi_uidiv)
c:/ac6/systemworkbench/plugins/fr.ac6.mcu.externaltools.arm-none.win32_1.16.0.201807130628/tools/compiler/bin/../lib/gcc/arm-none-eabi/7.2.1/thumb/v6-m\libgcc.a(_dvmd_tls.o)
                              c:/ac6/systemworkbench/plugins/fr.ac6.mcu.externaltools.arm-none.win32_1.16.0.201807130628/tools/compiler/bin/../lib/gcc/arm-none-eabi/7.2.1/thumb/v6-m\libgcc.a(_udivsi3.o) (__aeabi_idiv0)
c:/ac6/systemworkbench/plugins/fr.ac6.mcu.externaltools.arm-none.win32_1.16.0.201807130628/tools/compiler/bin/../lib/gcc/arm-none-eabi/7.2.1/../../../../arm-none-eabi/lib/thumb/v6-m\libc_nano.a(lib_a-exit.o)
                              c:/ac6/systemworkbench/plugins/fr.ac6.mcu.externaltools.arm-none.win32_1.16.0.201807130628/tools/compiler/bin/../lib/gcc/arm-none-eabi/7.2.1/../../../../arm-none-eabi/lib/thumb/v6-m/crt0.o (exit)
c:/ac6/systemworkbench/plugins/fr.ac6.mcu.externaltools.arm-none.win32_1.16.0.201807130628/tools/compiler/bin/../lib/gcc/arm-none-eabi/7.2.1/../../../../arm-none-eabi/lib/thumb/v6-m\libc_nano.a(lib_a-impure.o)
                              c:/ac6/systemworkbench/plugins/fr.ac6.mcu.externaltools.arm-none.win32_1.16.0.201807130628/tools/compiler/bin/../lib/gcc/arm-none-eabi/7.2.1/../../../../arm-none-eabi/lib/thumb/v6-m\libc_nano.a(lib_a-exit.o) (_global_impure_ptr)
c:/ac6/systemworkbench/plugins/fr.ac6.mcu.externaltools.arm-none.win32_1.16.0.201807130628/tools/compiler/bin/../lib/gcc/arm-none-eabi/7.2.1/../../../../arm-none-eabi/lib/thumb/v6-m\libc_nano.a(lib_a-init.o)
                              c:/ac6/systemworkbench/plugins/fr.ac6.mcu.externaltools.arm-none.win32_1.16.0.201807130628/tools/compiler/bin/../lib/gcc/arm-none-eabi/7.2.1/../../../../arm-none-eabi/lib/thumb/v6-m/crt0.o (__libc_init_array)
c:/ac6/systemworkbench/plugins/fr.ac6.mcu.externaltools.arm-none.win32_1.16.0.201807130628/tools/compiler/bin/../lib/gcc/arm-none-eabi/7.2.1/../../../../arm-none-eabi/lib/thumb/v6-m\libc_nano.a(lib_a-memset.o)
                              c:/ac6/systemworkbench/plugins/fr.ac6.mcu.externaltools.arm-none.win32_1.16.0.201807130628/tools/compiler/bin/../lib/gcc/arm-none-eabi/7.2.1/../../../../arm-none-eabi/lib/thumb/v6-m/crt0.o (memset)
c:/ac6/systemworkbench/plugins/fr.ac6.mcu.externaltools.arm-none.win32_1.16.0.201807130628/tools/compiler/bin/../lib/gcc/arm-none-eabi/7.2.1/../../../../arm-none-eabi/lib/thumb/v6-m\libnosys.a(_exit.o)
                              c:/ac6/systemworkbench/plugins/fr.ac6.mcu.externaltools.arm-none.win32_1.16.0.201807130628/tools/compiler/bin/../lib/gcc/arm-none-eabi/7.2.1/../../../../arm-none-eabi/lib/thumb/v6-m\libc_nano.a(lib_a-exit.o) (_exit)

Discarded input sections

 .text          0x00000000        0x0 c:/ac6/systemworkbench/plugins/fr.ac6.mcu.externaltools.arm-none.win32_1.16.0.201807130628/tools/compiler/bin/../lib/gcc/arm-none-eabi/7.2.1/thumb/v6-m/crti.o
 .data          0x00000000        0x0 c:/ac6/systemworkbench/plugins/fr.ac6.mcu.externaltools.arm-none.win32_1.16.0.201807130628/tools/compiler/bin/../lib/gcc/arm-none-eabi/7.2.1/thumb/v6-m/crti.o
 .bss           0x00000000        0x0 c:/ac6/systemworkbench/plugins/fr.ac6.mcu.externaltools.arm-none.win32_1.16.0.201807130628/tools/compiler/bin/../lib/gcc/arm-none-eabi/7.2.1/thumb/v6-m/crti.o
 .data          0x00000000        0x4 c:/ac6/systemworkbench/plugins/fr.ac6.mcu.externaltools.arm-none.win32_1.16.0.201807130628/tools/compiler/bin/../lib/gcc/arm-none-eabi/7.2.1/thumb/v6-m/crtbegin.o
 .text          0x00000000       0x78 c:/ac6/systemworkbench/plugins/fr.ac6.mcu.externaltools.arm-none.win32_1.16.0.201807130628/tools/compiler/bin/../lib/gcc/arm-none-eabi/7.2.1/../../../../arm-none-eabi/lib/thumb/v6-m/crt0.o
 .data          0x00000000        0x0 c:/ac6/systemworkbench/plugins/fr.ac6.mcu.externaltools.arm-none.win32_1.16.0.201807130628/tools/compiler/bin/../lib/gcc/arm-none-eabi/7.2.1/../../../../arm-none-eabi/lib/thumb/v6-m/crt0.o
 .bss           0x00000000        0x0 c:/ac6/systemworkbench/plugins/fr.ac6.mcu.externaltools.arm-none.win32_1.16.0.201807130628/tools/compiler/bin/../lib/gcc/arm-none-eabi/7.2.1/../../../../arm-none-eabi/lib/thumb/v6-m/crt0.o
 .ARM.extab     0x00000000        0x0 c:/ac6/systemworkbench/plugins/fr.ac6.mcu.externaltools.arm-none.win32_1.16.0.201807130628/tools/compiler/bin/../lib/gcc/arm-none-eabi/7.2.1/../../../../arm-none-eabi/lib/thumb/v6-m/crt0.o
 .ARM.exidx     0x00000000        0x8 c:/ac6/systemworkbench/plugins/fr.ac6.mcu.externaltools.arm-none.win32_1.16.0.201807130628/tools/compiler/bin/../lib/gcc/arm-none-eabi/7.2.1/../../../../arm-none-eabi/lib/thumb/v6-m/crt0.o
 .ARM.attributes
                0x00000000       0x1b c:/ac6/systemworkbench/plugins/fr.ac6.mcu.externaltools.arm-none.win32_1.16.0.201807130628/tools/compiler/bin/../lib/gcc/arm-none-eabi/7.2.1/../../../../arm-none-eabi/lib/thumb/v6-m/crt0.o
 .group         0x00000000        0xc Board/Button.o
 .group         0x00000000        0xc Board/Button.o
 .group         0x00000000        0xc Board/Button.o
 .group         0x00000000        0xc Board/Button.o
 .group         0x00000000        0xc Board/Button.o
 .group         0x00000000        0xc Board/Button.o
 .group         0x00000000        0xc Board/Button.o
 .group         0x00000000        0xc Board/Button.o
 .group         0x00000000        0xc Board/Button.o
 .group         0x00000000        0xc Board/Button.o
 .group         0x00000000        0xc Board/Button.o
 .group         0x00000000        0xc Board/Button.o
 .group         0x00000000        0xc Board/Button.o
 .text          0x00000000        0x0 Board/Button.o
 .group         0x00000000        0xc Board/Checker.o
 .group         0x00000000        0xc Board/Checker.o
 .group         0x00000000        0xc Board/Checker.o
 .group         0x00000000        0xc Board/Checker.o
 .group         0x00000000        0xc Board/Checker.o
 .group         0x00000000        0xc Board/Checker.o
 .group         0x00000000        0xc Board/Checker.o
 .group         0x00000000        0xc Board/Checker.o
 .group         0x00000000        0xc Board/Checker.o
 .group         0x00000000        0xc Board/Checker.o
 .group         0x00000000        0xc Board/Checker.o
 .group         0x00000000        0xc Board/Checker.o
 .group         0x00000000        0xc Board/Checker.o
 .text          0x00000000        0x0 Board/Checker.o
 .data          0x00000000        0x0 Board/Checker.o
 .bss           0x00000000        0x0 Board/Checker.o
 .debug_macro   0x00000000      0xa4e Board/Checker.o
 .debug_macro   0x00000000       0x28 Board/Checker.o
 .debug_macro   0x00000000       0x22 Board/Checker.o
 .debug_macro   0x00000000       0x87 Board/Checker.o
 .debug_macro   0x00000000       0x51 Board/Checker.o
 .debug_macro   0x00000000       0xef Board/Checker.o
 .debug_macro   0x00000000       0x6a Board/Checker.o
 .debug_macro   0x00000000      0x1df Board/Checker.o
 .debug_macro   0x00000000       0x34 Board/Checker.o
 .debug_macro   0x00000000       0x26 Board/Checker.o
 .debug_macro   0x00000000      0x44f Board/Checker.o
 .debug_macro   0x00000000     0x9d0d Board/Checker.o
 .group         0x00000000        0xc Board/I2C.o
 .group         0x00000000        0xc Board/I2C.o
 .group         0x00000000        0xc Board/I2C.o
 .group         0x00000000        0xc Board/I2C.o
 .group         0x00000000        0xc Board/I2C.o
 .group         0x00000000        0xc Board/I2C.o
 .group         0x00000000        0xc Board/I2C.o
 .group         0x00000000        0xc Board/I2C.o
 .group         0x00000000        0xc Board/I2C.o
 .group         0x00000000        0xc Board/I2C.o
 .group         0x00000000        0xc Board/I2C.o
 .group         0x00000000        0xc Board/I2C.o
 .group         0x00000000        0xc Board/I2C.o
 .text          0x00000000        0x0 Board/I2C.o
 .data          0x00000000        0x0 Board/I2C.o
 .bss           0x00000000        0x0 Board/I2C.o
 .text.I2CSetOwnAddr
                0x00000000       0x2c Board/I2C.o
 .debug_macro   0x00000000      0xa4e Board/I2C.o
 .debug_macro   0x00000000       0x28 Board/I2C.o
 .debug_macro   0x00000000       0x22 Board/I2C.o
 .debug_macro   0x00000000       0x87 Board/I2C.o
 .debug_macro   0x00000000       0x51 Board/I2C.o
 .debug_macro   0x00000000       0xef Board/I2C.o
 .debug_macro   0x00000000       0x6a Board/I2C.o
 .debug_macro   0x00000000      0x1df Board/I2C.o
 .debug_macro   0x00000000       0x34 Board/I2C.o
 .debug_macro   0x00000000       0x26 Board/I2C.o
 .debug_macro   0x00000000      0x44f Board/I2C.o
 .debug_macro   0x00000000     0x9d0d Board/I2C.o
 .group         0x00000000        0xc Board/LCD.o
 .group         0x00000000        0xc Board/LCD.o
 .group         0x00000000        0xc Board/LCD.o
 .group         0x00000000        0xc Board/LCD.o
 .group         0x00000000        0xc Board/LCD.o
 .group         0x00000000        0xc Board/LCD.o
 .group         0x00000000        0xc Board/LCD.o
 .group         0x00000000        0xc Board/LCD.o
 .group         0x00000000        0xc Board/LCD.o
 .group         0x00000000        0xc Board/LCD.o
 .group         0x00000000        0xc Board/LCD.o
 .group         0x00000000        0xc Board/LCD.o
 .group         0x00000000        0xc Board/LCD.o
 .group         0x00000000        0xc Board/LCD.o
 .text          0x00000000        0x0 Board/LCD.o
 .data          0x00000000        0x0 Board/LCD.o
 .bss           0x00000000        0x0 Board/LCD.o
 .debug_macro   0x00000000      0xa4e Board/LCD.o
 .debug_macro   0x00000000       0x28 Board/LCD.o
 .debug_macro   0x00000000       0x22 Board/LCD.o
 .debug_macro   0x00000000       0x87 Board/LCD.o
 .debug_macro   0x00000000       0x51 Board/LCD.o
 .debug_macro   0x00000000       0xef Board/LCD.o
 .debug_macro   0x00000000       0x6a Board/LCD.o
 .debug_macro   0x00000000      0x1df Board/LCD.o
 .debug_macro   0x00000000       0x34 Board/LCD.o
 .debug_macro   0x00000000       0x26 Board/LCD.o
 .debug_macro   0x00000000      0x44f Board/LCD.o
 .debug_macro   0x00000000     0x9d0d Board/LCD.o
 .debug_macro   0x00000000       0x10 Board/LCD.o
 .group         0x00000000        0xc Src/SysTick.o
 .group         0x00000000        0xc Src/SysTick.o
 .group         0x00000000        0xc Src/SysTick.o
 .group         0x00000000        0xc Src/SysTick.o
 .group         0x00000000        0xc Src/SysTick.o
 .group         0x00000000        0xc Src/SysTick.o
 .group         0x00000000        0xc Src/SysTick.o
 .group         0x00000000        0xc Src/SysTick.o
 .group         0x00000000        0xc Src/SysTick.o
 .group         0x00000000        0xc Src/SysTick.o
 .group         0x00000000        0xc Src/SysTick.o
 .group         0x00000000        0xc Src/SysTick.o
 .text          0x00000000        0x0 Src/SysTick.o
 .data          0x00000000        0x0 Src/SysTick.o
 .debug_macro   0x00000000      0xa4e Src/SysTick.o
 .debug_macro   0x00000000       0x28 Src/SysTick.o
 .debug_macro   0x00000000       0x22 Src/SysTick.o
 .debug_macro   0x00000000       0x87 Src/SysTick.o
 .debug_macro   0x00000000       0x51 Src/SysTick.o
 .debug_macro   0x00000000       0xef Src/SysTick.o
 .debug_macro   0x00000000       0x6a Src/SysTick.o
 .debug_macro   0x00000000      0x1df Src/SysTick.o
 .debug_macro   0x00000000       0x34 Src/SysTick.o
 .debug_macro   0x00000000       0x26 Src/SysTick.o
 .debug_macro   0x00000000      0x44f Src/SysTick.o
 .debug_macro   0x00000000     0x9d0d Src/SysTick.o
 .group         0x00000000        0xc Src/main.o
 .group         0x00000000        0xc Src/main.o
 .group         0x00000000        0xc Src/main.o
 .group         0x00000000        0xc Src/main.o
 .group         0x00000000        0xc Src/main.o
 .group         0x00000000        0xc Src/main.o
 .group         0x00000000        0xc Src/main.o
 .group         0x00000000        0xc Src/main.o
 .group         0x00000000        0xc Src/main.o
 .group         0x00000000        0xc Src/main.o
 .group         0x00000000        0xc Src/main.o
 .group         0x00000000        0xc Src/main.o
 .group         0x00000000        0xc Src/main.o
 .group         0x00000000        0xc Src/main.o
 .group         0x00000000        0xc Src/main.o
 .group         0x00000000        0xc Src/main.o
 .text          0x00000000        0x0 Src/main.o
 .data          0x00000000        0x0 Src/main.o
 .debug_macro   0x00000000      0xa4e Src/main.o
 .debug_macro   0x00000000       0x28 Src/main.o
 .debug_macro   0x00000000       0x22 Src/main.o
 .debug_macro   0x00000000       0x87 Src/main.o
 .debug_macro   0x00000000       0x51 Src/main.o
 .debug_macro   0x00000000       0xef Src/main.o
 .debug_macro   0x00000000       0x6a Src/main.o
 .debug_macro   0x00000000      0x1df Src/main.o
 .debug_macro   0x00000000       0x34 Src/main.o
 .debug_macro   0x00000000       0x26 Src/main.o
 .debug_macro   0x00000000      0x44f Src/main.o
 .debug_macro   0x00000000     0x9d0d Src/main.o
 .debug_macro   0x00000000       0x16 Src/main.o
 .debug_macro   0x00000000       0x52 Src/main.o
 .debug_macro   0x00000000       0x10 Src/main.o
 .debug_macro   0x00000000       0x16 Src/main.o
 .group         0x00000000        0xc Src/system_stm32l0xx.o
 .group         0x00000000        0xc Src/system_stm32l0xx.o
 .group         0x00000000        0xc Src/system_stm32l0xx.o
 .group         0x00000000        0xc Src/system_stm32l0xx.o
 .group         0x00000000        0xc Src/system_stm32l0xx.o
 .group         0x00000000        0xc Src/system_stm32l0xx.o
 .group         0x00000000        0xc Src/system_stm32l0xx.o
 .group         0x00000000        0xc Src/system_stm32l0xx.o
 .group         0x00000000        0xc Src/system_stm32l0xx.o
 .group         0x00000000        0xc Src/system_stm32l0xx.o
 .group         0x00000000        0xc Src/system_stm32l0xx.o
 .group         0x00000000        0xc Src/system_stm32l0xx.o
 .group         0x00000000        0xc Src/system_stm32l0xx.o
 .group         0x00000000        0xc Src/system_stm32l0xx.o
 .text          0x00000000        0x0 Src/system_stm32l0xx.o
 .data          0x00000000        0x4 Src/system_stm32l0xx.o
 .bss           0x00000000        0x0 Src/system_stm32l0xx.o
 .text.SystemCoreClockUpdate
                0x00000000       0xec Src/system_stm32l0xx.o
 .rodata        0x00000000       0x24 Src/system_stm32l0xx.o
 .debug_macro   0x00000000      0xa4e Src/system_stm32l0xx.o
 .debug_macro   0x00000000       0x28 Src/system_stm32l0xx.o
 .debug_macro   0x00000000       0x22 Src/system_stm32l0xx.o
 .debug_macro   0x00000000       0x87 Src/system_stm32l0xx.o
 .debug_macro   0x00000000       0x51 Src/system_stm32l0xx.o
 .debug_macro   0x00000000       0xef Src/system_stm32l0xx.o
 .debug_macro   0x00000000       0x6a Src/system_stm32l0xx.o
 .debug_macro   0x00000000      0x1df Src/system_stm32l0xx.o
 .debug_macro   0x00000000       0x34 Src/system_stm32l0xx.o
 .debug_macro   0x00000000       0x26 Src/system_stm32l0xx.o
 .debug_macro   0x00000000      0x44f Src/system_stm32l0xx.o
 .debug_macro   0x00000000     0x9d0d Src/system_stm32l0xx.o
 .text          0x00000000       0x14 startup/startup_stm32l053xx.o
 .data          0x00000000        0x0 startup/startup_stm32l053xx.o
 .bss           0x00000000        0x0 startup/startup_stm32l053xx.o
 .data          0x00000000        0x0 c:/ac6/systemworkbench/plugins/fr.ac6.mcu.externaltools.arm-none.win32_1.16.0.201807130628/tools/compiler/bin/../lib/gcc/arm-none-eabi/7.2.1/thumb/v6-m\libgcc.a(_udivsi3.o)
 .bss           0x00000000        0x0 c:/ac6/systemworkbench/plugins/fr.ac6.mcu.externaltools.arm-none.win32_1.16.0.201807130628/tools/compiler/bin/../lib/gcc/arm-none-eabi/7.2.1/thumb/v6-m\libgcc.a(_udivsi3.o)
 .data          0x00000000        0x0 c:/ac6/systemworkbench/plugins/fr.ac6.mcu.externaltools.arm-none.win32_1.16.0.201807130628/tools/compiler/bin/../lib/gcc/arm-none-eabi/7.2.1/thumb/v6-m\libgcc.a(_dvmd_tls.o)
 .bss           0x00000000        0x0 c:/ac6/systemworkbench/plugins/fr.ac6.mcu.externaltools.arm-none.win32_1.16.0.201807130628/tools/compiler/bin/../lib/gcc/arm-none-eabi/7.2.1/thumb/v6-m\libgcc.a(_dvmd_tls.o)
 .text          0x00000000        0x0 c:/ac6/systemworkbench/plugins/fr.ac6.mcu.externaltools.arm-none.win32_1.16.0.201807130628/tools/compiler/bin/../lib/gcc/arm-none-eabi/7.2.1/../../../../arm-none-eabi/lib/thumb/v6-m\libc_nano.a(lib_a-exit.o)
 .data          0x00000000        0x0 c:/ac6/systemworkbench/plugins/fr.ac6.mcu.externaltools.arm-none.win32_1.16.0.201807130628/tools/compiler/bin/../lib/gcc/arm-none-eabi/7.2.1/../../../../arm-none-eabi/lib/thumb/v6-m\libc_nano.a(lib_a-exit.o)
 .bss           0x00000000        0x0 c:/ac6/systemworkbench/plugins/fr.ac6.mcu.externaltools.arm-none.win32_1.16.0.201807130628/tools/compiler/bin/../lib/gcc/arm-none-eabi/7.2.1/../../../../arm-none-eabi/lib/thumb/v6-m\libc_nano.a(lib_a-exit.o)
 .text.exit     0x00000000       0x2c c:/ac6/systemworkbench/plugins/fr.ac6.mcu.externaltools.arm-none.win32_1.16.0.201807130628/tools/compiler/bin/../lib/gcc/arm-none-eabi/7.2.1/../../../../arm-none-eabi/lib/thumb/v6-m\libc_nano.a(lib_a-exit.o)
 .debug_frame   0x00000000       0x28 c:/ac6/systemworkbench/plugins/fr.ac6.mcu.externaltools.arm-none.win32_1.16.0.201807130628/tools/compiler/bin/../lib/gcc/arm-none-eabi/7.2.1/../../../../arm-none-eabi/lib/thumb/v6-m\libc_nano.a(lib_a-exit.o)
 .ARM.attributes
                0x00000000       0x2c c:/ac6/systemworkbench/plugins/fr.ac6.mcu.externaltools.arm-none.win32_1.16.0.201807130628/tools/compiler/bin/../lib/gcc/arm-none-eabi/7.2.1/../../../../arm-none-eabi/lib/thumb/v6-m\libc_nano.a(lib_a-exit.o)
 .text          0x00000000        0x0 c:/ac6/systemworkbench/plugins/fr.ac6.mcu.externaltools.arm-none.win32_1.16.0.201807130628/tools/compiler/bin/../lib/gcc/arm-none-eabi/7.2.1/../../../../arm-none-eabi/lib/thumb/v6-m\libc_nano.a(lib_a-impure.o)
 .data          0x00000000        0x0 c:/ac6/systemworkbench/plugins/fr.ac6.mcu.externaltools.arm-none.win32_1.16.0.201807130628/tools/compiler/bin/../lib/gcc/arm-none-eabi/7.2.1/../../../../arm-none-eabi/lib/thumb/v6-m\libc_nano.a(lib_a-impure.o)
 .bss           0x00000000        0x0 c:/ac6/systemworkbench/plugins/fr.ac6.mcu.externaltools.arm-none.win32_1.16.0.201807130628/tools/compiler/bin/../lib/gcc/arm-none-eabi/7.2.1/../../../../arm-none-eabi/lib/thumb/v6-m\libc_nano.a(lib_a-impure.o)
 .data._impure_ptr
                0x00000000        0x4 c:/ac6/systemworkbench/plugins/fr.ac6.mcu.externaltools.arm-none.win32_1.16.0.201807130628/tools/compiler/bin/../lib/gcc/arm-none-eabi/7.2.1/../../../../arm-none-eabi/lib/thumb/v6-m\libc_nano.a(lib_a-impure.o)
 .data.impure_data
                0x00000000       0x60 c:/ac6/systemworkbench/plugins/fr.ac6.mcu.externaltools.arm-none.win32_1.16.0.201807130628/tools/compiler/bin/../lib/gcc/arm-none-eabi/7.2.1/../../../../arm-none-eabi/lib/thumb/v6-m\libc_nano.a(lib_a-impure.o)
 .rodata._global_impure_ptr
                0x00000000        0x4 c:/ac6/systemworkbench/plugins/fr.ac6.mcu.externaltools.arm-none.win32_1.16.0.201807130628/tools/compiler/bin/../lib/gcc/arm-none-eabi/7.2.1/../../../../arm-none-eabi/lib/thumb/v6-m\libc_nano.a(lib_a-impure.o)
 .ARM.attributes
                0x00000000       0x2c c:/ac6/systemworkbench/plugins/fr.ac6.mcu.externaltools.arm-none.win32_1.16.0.201807130628/tools/compiler/bin/../lib/gcc/arm-none-eabi/7.2.1/../../../../arm-none-eabi/lib/thumb/v6-m\libc_nano.a(lib_a-impure.o)
 .text          0x00000000        0x0 c:/ac6/systemworkbench/plugins/fr.ac6.mcu.externaltools.arm-none.win32_1.16.0.201807130628/tools/compiler/bin/../lib/gcc/arm-none-eabi/7.2.1/../../../../arm-none-eabi/lib/thumb/v6-m\libc_nano.a(lib_a-init.o)
 .data          0x00000000        0x0 c:/ac6/systemworkbench/plugins/fr.ac6.mcu.externaltools.arm-none.win32_1.16.0.201807130628/tools/compiler/bin/../lib/gcc/arm-none-eabi/7.2.1/../../../../arm-none-eabi/lib/thumb/v6-m\libc_nano.a(lib_a-init.o)
 .bss           0x00000000        0x0 c:/ac6/systemworkbench/plugins/fr.ac6.mcu.externaltools.arm-none.win32_1.16.0.201807130628/tools/compiler/bin/../lib/gcc/arm-none-eabi/7.2.1/../../../../arm-none-eabi/lib/thumb/v6-m\libc_nano.a(lib_a-init.o)
 .text          0x00000000        0x0 c:/ac6/systemworkbench/plugins/fr.ac6.mcu.externaltools.arm-none.win32_1.16.0.201807130628/tools/compiler/bin/../lib/gcc/arm-none-eabi/7.2.1/../../../../arm-none-eabi/lib/thumb/v6-m\libc_nano.a(lib_a-memset.o)
 .data          0x00000000        0x0 c:/ac6/systemworkbench/plugins/fr.ac6.mcu.externaltools.arm-none.win32_1.16.0.201807130628/tools/compiler/bin/../lib/gcc/arm-none-eabi/7.2.1/../../../../arm-none-eabi/lib/thumb/v6-m\libc_nano.a(lib_a-memset.o)
 .bss           0x00000000        0x0 c:/ac6/systemworkbench/plugins/fr.ac6.mcu.externaltools.arm-none.win32_1.16.0.201807130628/tools/compiler/bin/../lib/gcc/arm-none-eabi/7.2.1/../../../../arm-none-eabi/lib/thumb/v6-m\libc_nano.a(lib_a-memset.o)
 .text.memset   0x00000000       0x10 c:/ac6/systemworkbench/plugins/fr.ac6.mcu.externaltools.arm-none.win32_1.16.0.201807130628/tools/compiler/bin/../lib/gcc/arm-none-eabi/7.2.1/../../../../arm-none-eabi/lib/thumb/v6-m\libc_nano.a(lib_a-memset.o)
 .debug_frame   0x00000000       0x20 c:/ac6/systemworkbench/plugins/fr.ac6.mcu.externaltools.arm-none.win32_1.16.0.201807130628/tools/compiler/bin/../lib/gcc/arm-none-eabi/7.2.1/../../../../arm-none-eabi/lib/thumb/v6-m\libc_nano.a(lib_a-memset.o)
 .ARM.attributes
                0x00000000       0x2c c:/ac6/systemworkbench/plugins/fr.ac6.mcu.externaltools.arm-none.win32_1.16.0.201807130628/tools/compiler/bin/../lib/gcc/arm-none-eabi/7.2.1/../../../../arm-none-eabi/lib/thumb/v6-m\libc_nano.a(lib_a-memset.o)
 .text          0x00000000        0x0 c:/ac6/systemworkbench/plugins/fr.ac6.mcu.externaltools.arm-none.win32_1.16.0.201807130628/tools/compiler/bin/../lib/gcc/arm-none-eabi/7.2.1/../../../../arm-none-eabi/lib/thumb/v6-m\libnosys.a(_exit.o)
 .data          0x00000000        0x0 c:/ac6/systemworkbench/plugins/fr.ac6.mcu.externaltools.arm-none.win32_1.16.0.201807130628/tools/compiler/bin/../lib/gcc/arm-none-eabi/7.2.1/../../../../arm-none-eabi/lib/thumb/v6-m\libnosys.a(_exit.o)
 .bss           0x00000000        0x0 c:/ac6/systemworkbench/plugins/fr.ac6.mcu.externaltools.arm-none.win32_1.16.0.201807130628/tools/compiler/bin/../lib/gcc/arm-none-eabi/7.2.1/../../../../arm-none-eabi/lib/thumb/v6-m\libnosys.a(_exit.o)
 .text._exit    0x00000000        0x4 c:/ac6/systemworkbench/plugins/fr.ac6.mcu.externaltools.arm-none.win32_1.16.0.201807130628/tools/compiler/bin/../lib/gcc/arm-none-eabi/7.2.1/../../../../arm-none-eabi/lib/thumb/v6-m\libnosys.a(_exit.o)
 .debug_frame   0x00000000       0x20 c:/ac6/systemworkbench/plugins/fr.ac6.mcu.externaltools.arm-none.win32_1.16.0.201807130628/tools/compiler/bin/../lib/gcc/arm-none-eabi/7.2.1/../../../../arm-none-eabi/lib/thumb/v6-m\libnosys.a(_exit.o)
 .ARM.attributes
                0x00000000       0x2c c:/ac6/systemworkbench/plugins/fr.ac6.mcu.externaltools.arm-none.win32_1.16.0.201807130628/tools/compiler/bin/../lib/gcc/arm-none-eabi/7.2.1/../../../../arm-none-eabi/lib/thumb/v6-m\libnosys.a(_exit.o)
 .text          0x00000000        0x0 c:/ac6/systemworkbench/plugins/fr.ac6.mcu.externaltools.arm-none.win32_1.16.0.201807130628/tools/compiler/bin/../lib/gcc/arm-none-eabi/7.2.1/thumb/v6-m/crtend.o
 .data          0x00000000        0x0 c:/ac6/systemworkbench/plugins/fr.ac6.mcu.externaltools.arm-none.win32_1.16.0.201807130628/tools/compiler/bin/../lib/gcc/arm-none-eabi/7.2.1/thumb/v6-m/crtend.o
 .bss           0x00000000        0x0 c:/ac6/systemworkbench/plugins/fr.ac6.mcu.externaltools.arm-none.win32_1.16.0.201807130628/tools/compiler/bin/../lib/gcc/arm-none-eabi/7.2.1/thumb/v6-m/crtend.o
 .eh_frame      0x00000000        0x4 c:/ac6/systemworkbench/plugins/fr.ac6.mcu.externaltools.arm-none.win32_1.16.0.201807130628/tools/compiler/bin/../lib/gcc/arm-none-eabi/7.2.1/thumb/v6-m/crtend.o
 .ARM.attributes
                0x00000000       0x2c c:/ac6/systemworkbench/plugins/fr.ac6.mcu.externaltools.arm-none.win32_1.16.0.201807130628/tools/compiler/bin/../lib/gcc/arm-none-eabi/7.2.1/thumb/v6-m/crtend.o
 .text          0x00000000        0x0 c:/ac6/systemworkbench/plugins/fr.ac6.mcu.externaltools.arm-none.win32_1.16.0.201807130628/tools/compiler/bin/../lib/gcc/arm-none-eabi/7.2.1/thumb/v6-m/crtn.o
 .data          0x00000000        0x0 c:/ac6/systemworkbench/plugins/fr.ac6.mcu.externaltools.arm-none.win32_1.16.0.201807130628/tools/compiler/bin/../lib/gcc/arm-none-eabi/7.2.1/thumb/v6-m/crtn.o
 .bss           0x00000000        0x0 c:/ac6/systemworkbench/plugins/fr.ac6.mcu.externaltools.arm-none.win32_1.16.0.201807130628/tools/compiler/bin/../lib/gcc/arm-none-eabi/7.2.1/thumb/v6-m/crtn.o

Memory Configuration

Name             Origin             Length             Attributes
RAM              0x20000000         0x00002000         xrw
FLASH            0x08000000         0x00010000         xr
*default*        0x00000000         0xffffffff

Linker script and memory map

LOAD c:/ac6/systemworkbench/plugins/fr.ac6.mcu.externaltools.arm-none.win32_1.16.0.201807130628/tools/compiler/bin/../lib/gcc/arm-none-eabi/7.2.1/thumb/v6-m/crti.o
LOAD c:/ac6/systemworkbench/plugins/fr.ac6.mcu.externaltools.arm-none.win32_1.16.0.201807130628/tools/compiler/bin/../lib/gcc/arm-none-eabi/7.2.1/thumb/v6-m/crtbegin.o
LOAD c:/ac6/systemworkbench/plugins/fr.ac6.mcu.externaltools.arm-none.win32_1.16.0.201807130628/tools/compiler/bin/../lib/gcc/arm-none-eabi/7.2.1/../../../../arm-none-eabi/lib/thumb/v6-m/crt0.o
LOAD Board/Button.o
LOAD Board/Checker.o
LOAD Board/I2C.o
LOAD Board/LCD.o
LOAD Src/SysTick.o
LOAD Src/main.o
LOAD Src/system_stm32l0xx.o
LOAD startup/startup_stm32l053xx.o
LOAD c:/ac6/systemworkbench/plugins/fr.ac6.mcu.externaltools.arm-none.win32_1.16.0.201807130628/tools/compiler/bin/../lib/gcc/arm-none-eabi/7.2.1/../../../../arm-none-eabi/lib/thumb/v6-m\libm.a
START GROUP
LOAD c:/ac6/systemworkbench/plugins/fr.ac6.mcu.externaltools.arm-none.win32_1.16.0.201807130628/tools/compiler/bin/../lib/gcc/arm-none-eabi/7.2.1/thumb/v6-m\libgcc.a
LOAD c:/ac6/systemworkbench/plugins/fr.ac6.mcu.externaltools.arm-none.win32_1.16.0.201807130628/tools/compiler/bin/../lib/gcc/arm-none-eabi/7.2.1/../../../../arm-none-eabi/lib/thumb/v6-m\libc_nano.a
END GROUP
START GROUP
LOAD c:/ac6/systemworkbench/plugins/fr.ac6.mcu.externaltools.arm-none.win32_1.16.0.201807130628/tools/compiler/bin/../lib/gcc/arm-none-eabi/7.2.1/thumb/v6-m\libgcc.a
LOAD c:/ac6/systemworkbench/plugins/fr.ac6.mcu.externaltools.arm-none.win32_1.16.0.201807130628/tools/compiler/bin/../lib/gcc/arm-none-eabi/7.2.1/../../../../arm-none-eabi/lib/thumb/v6-m\libc_nano.a
LOAD c:/ac6/systemworkbench/plugins/fr.ac6.mcu.externaltools.arm-none.win32_1.16.0.201807130628/tools/compiler/bin/../lib/gcc/arm-none-eabi/7.2.1/../../../../arm-none-eabi/lib/thumb/v6-m\libnosys.a
END GROUP
START GROUP
LOAD c:/ac6/systemworkbench/plugins/fr.ac6.mcu.externaltools.arm-none.win32_1.16.0.201807130628/tools/compiler/bin/../lib/gcc/arm-none-eabi/7.2.1/thumb/v6-m\libgcc.a
LOAD c:/ac6/systemworkbench/plugins/fr.ac6.mcu.externaltools.arm-none.win32_1.16.0.201807130628/tools/compiler/bin/../lib/gcc/arm-none-eabi/7.2.1/../../../../arm-none-eabi/lib/thumb/v6-m\libc_nano.a
LOAD c:/ac6/systemworkbench/plugins/fr.ac6.mcu.externaltools.arm-none.win32_1.16.0.201807130628/tools/compiler/bin/../lib/gcc/arm-none-eabi/7.2.1/../../../../arm-none-eabi/lib/thumb/v6-m\libnosys.a
END GROUP
LOAD c:/ac6/systemworkbench/plugins/fr.ac6.mcu.externaltools.arm-none.win32_1.16.0.201807130628/tools/compiler/bin/../lib/gcc/arm-none-eabi/7.2.1/thumb/v6-m/crtend.o
LOAD c:/ac6/systemworkbench/plugins/fr.ac6.mcu.externaltools.arm-none.win32_1.16.0.201807130628/tools/compiler/bin/../lib/gcc/arm-none-eabi/7.2.1/thumb/v6-m/crtn.o
                0x20002000                _estack = 0x20002000
                0x00000200                _Min_Heap_Size = 0x200
                0x00000400                _Min_Stack_Size = 0x400

.isr_vector     0x08000000       0xc0
                0x08000000                . = ALIGN (0x4)
 *(.isr_vector)
 .isr_vector    0x08000000       0xc0 startup/startup_stm32l053xx.o
                0x08000000                g_pfnVectors
                0x080000c0                . = ALIGN (0x4)

.text           0x080000c0     0x1134
                0x080000c0                . = ALIGN (0x4)
 *(.text)
 .text          0x080000c0       0x48 c:/ac6/systemworkbench/plugins/fr.ac6.mcu.externaltools.arm-none.win32_1.16.0.201807130628/tools/compiler/bin/../lib/gcc/arm-none-eabi/7.2.1/thumb/v6-m/crtbegin.o
 .text          0x08000108      0x114 c:/ac6/systemworkbench/plugins/fr.ac6.mcu.externaltools.arm-none.win32_1.16.0.201807130628/tools/compiler/bin/../lib/gcc/arm-none-eabi/7.2.1/thumb/v6-m\libgcc.a(_udivsi3.o)
                0x08000108                __aeabi_uidiv
                0x08000108                __udivsi3
                0x08000214                __aeabi_uidivmod
 .text          0x0800021c        0x4 c:/ac6/systemworkbench/plugins/fr.ac6.mcu.externaltools.arm-none.win32_1.16.0.201807130628/tools/compiler/bin/../lib/gcc/arm-none-eabi/7.2.1/thumb/v6-m\libgcc.a(_dvmd_tls.o)
                0x0800021c                __aeabi_idiv0
                0x0800021c                __aeabi_ldiv0
 *(.text*)
 .text.ButtonInit
                0x08000220       0x30 Board/Button.o
                0x08000220                ButtonInit
 .text.ButtonDBReadTask
                0x08000250       0x90 Board/Button.o
                0x08000250                ButtonDBReadTask
 .text.ButtonGet
                0x080002e0       0x14 Board/Button.o
                0x080002e0                ButtonGet
 .text.checkerSetICInput
                0x080002f4      0x1b0 Board/Checker.o
 .text.checkerClrICInput
                0x080004a4      0x1b4 Board/Checker.o
 .text.checkerSetClrInputs
                0x08000658       0x20 Board/Checker.o
 .text.checkerReadICOutput
                0x08000678      0x238 Board/Checker.o
 .text.checkerFailTest
                0x080008b0       0xb8 Board/Checker.o
 .text.CheckerInit
                0x08000968       0x2c Board/Checker.o
                0x08000968                CheckerInit
 .text.CheckerTestIC
                0x08000994      0x14c Board/Checker.o
                0x08000994                CheckerTestIC
 .text.I2CInit  0x08000ae0       0x6c Board/I2C.o
                0x08000ae0                I2CInit
 .text.I2CMasterTx
                0x08000b4c       0x64 Board/I2C.o
                0x08000b4c                I2CMasterTx
 .text.lcdDelay10us
                0x08000bb0        0xe Board/LCD.o
 .text.lcdWriteNibble
                0x08000bbe       0x24 Board/LCD.o
 .text.lcdWriteIR
                0x08000be2       0x18 Board/LCD.o
 .text.lcdWriteDR
                0x08000bfa       0x18 Board/LCD.o
 .text.lcdDisplayChar
                0x08000c12        0x8 Board/LCD.o
 .text.LCDClearDisplay
                0x08000c1a        0xa Board/LCD.o
                0x08000c1a                LCDClearDisplay
 .text.LCDMoveCursor
                0x08000c24       0x30 Board/LCD.o
                0x08000c24                LCDMoveCursor
 .text.LCDDisplayString
                0x08000c54       0x24 Board/LCD.o
                0x08000c54                LCDDisplayString
 .text.LCDInit  0x08000c78       0xb8 Board/LCD.o
                0x08000c78                LCDInit
 .text.TIM21_IRQHandler
                0x08000d30       0x30 Board/LCD.o
                0x08000d30                TIM21_IRQHandler
 .text.SysTickInit
                0x08000d60       0x38 Src/SysTick.o
                0x08000d60                SysTickInit
 .text.SysTickWaitTask
                0x08000d98       0x28 Src/SysTick.o
                0x08000d98                SysTickWaitTask
 .text.SysTick_Handler
                0x08000dc0       0x10 Src/SysTick.o
                0x08000dc0                SysTick_Handler
 .text.DisplayResult
                0x08000dd0      0x110 Src/main.o
                0x08000dd0                DisplayResult
 .text.ControlTask
                0x08000ee0      0x1dc Src/main.o
                0x08000ee0                ControlTask
 .text.main     0x080010bc       0x26 Src/main.o
                0x080010bc                main
 *fill*         0x080010e2        0x2 
 .text.SystemInit
                0x080010e4       0x5c Src/system_stm32l0xx.o
                0x080010e4                SystemInit
 .text.Reset_Handler
                0x08001140       0x50 startup/startup_stm32l053xx.o
                0x08001140                Reset_Handler
 .text.Default_Handler
                0x08001190        0x2 startup/startup_stm32l053xx.o
                0x08001190                TSC_IRQHandler
                0x08001190                HardFault_Handler
                0x08001190                ADC1_COMP_IRQHandler
                0x08001190                PVD_IRQHandler
                0x08001190                PendSV_Handler
                0x08001190                NMI_Handler
                0x08001190                I2C1_IRQHandler
                0x08001190                RCC_CRS_IRQHandler
                0x08001190                SPI1_IRQHandler
                0x08001190                TIM6_DAC_IRQHandler
                0x08001190                EXTI2_3_IRQHandler
                0x08001190                I2C2_IRQHandler
                0x08001190                RTC_IRQHandler
                0x08001190                LCD_IRQHandler
                0x08001190                DMA1_Channel4_5_6_7_IRQHandler
                0x08001190                EXTI4_15_IRQHandler
                0x08001190                DMA1_Channel1_IRQHandler
                0x08001190                Default_Handler
                0x08001190                TIM22_IRQHandler
                0x08001190                EXTI0_1_IRQHandler
                0x08001190                USB_IRQHandler
                0x08001190                SPI2_IRQHandler
                0x08001190                SVC_Handler
                0x08001190                WWDG_IRQHandler
                0x08001190                TIM2_IRQHandler
                0x08001190                DMA1_Channel2_3_IRQHandler
                0x08001190                USART2_IRQHandler
                0x08001190                FLASH_IRQHandler
                0x08001190                USART1_IRQHandler
                0x08001190                RNG_LPUART1_IRQHandler
                0x08001190                LPTIM1_IRQHandler
 *fill*         0x08001192        0x2 
 .text.__libc_init_array
                0x08001194       0x48 c:/ac6/systemworkbench/plugins/fr.ac6.mcu.externaltools.arm-none.win32_1.16.0.201807130628/tools/compiler/bin/../lib/gcc/arm-none-eabi/7.2.1/../../../../arm-none-eabi/lib/thumb/v6-m\libc_nano.a(lib_a-init.o)
                0x08001194                __libc_init_array
 *(.glue_7)
 .glue_7        0x080011dc        0x0 linker stubs
 *(.glue_7t)
 .glue_7t       0x080011dc        0x0 linker stubs
 *(.eh_frame)
 .eh_frame      0x080011dc        0x0 c:/ac6/systemworkbench/plugins/fr.ac6.mcu.externaltools.arm-none.win32_1.16.0.201807130628/tools/compiler/bin/../lib/gcc/arm-none-eabi/7.2.1/thumb/v6-m/crtbegin.o
 *(.init)
 .init          0x080011dc        0x4 c:/ac6/systemworkbench/plugins/fr.ac6.mcu.externaltools.arm-none.win32_1.16.0.201807130628/tools/compiler/bin/../lib/gcc/arm-none-eabi/7.2.1/thumb/v6-m/crti.o
                0x080011dc                _init
 .init          0x080011e0        0x8 c:/ac6/systemworkbench/plugins/fr.ac6.mcu.externaltools.arm-none.win32_1.16.0.201807130628/tools/compiler/bin/../lib/gcc/arm-none-eabi/7.2.1/thumb/v6-m/crtn.o
 *(.fini)
 .fini          0x080011e8        0x4 c:/ac6/systemworkbench/plugins/fr.ac6.mcu.externaltools.arm-none.win32_1.16.0.201807130628/tools/compiler/bin/../lib/gcc/arm-none-eabi/7.2.1/thumb/v6-m/crti.o
                0x080011e8                _fini
 .fini          0x080011ec        0x8 c:/ac6/systemworkbench/plugins/fr.ac6.mcu.externaltools.arm-none.win32_1.16.0.201807130628/tools/compiler/bin/../lib/gcc/arm-none-eabi/7.2.1/thumb/v6-m/crtn.o
                0x080011f4                . = ALIGN (0x4)
                0x080011f4                _etext = .

.vfp11_veneer   0x080011f4        0x0
 .vfp11_veneer  0x080011f4        0x0 linker stubs

.v4_bx          0x080011f4        0x0
 .v4_bx         0x080011f4        0x0 linker stubs

.iplt           0x080011f4        0x0
 .iplt          0x080011f4        0x0 c:/ac6/systemworkbench/plugins/fr.ac6.mcu.externaltools.arm-none.win32_1.16.0.201807130628/tools/compiler/bin/../lib/gcc/arm-none-eabi/7.2.1/thumb/v6-m/crtbegin.o

.rodata         0x080011f4      0x244
                0x080011f4                . = ALIGN (0x4)
 *(.rodata)
 .rodata        0x080011f4       0xc8 Board/Checker.o
 .rodata        0x080012bc        0x9 Board/LCD.o
 *fill*         0x080012c5        0x3 
 .rodata        0x080012c8      0x16e Src/main.o
                0x080012f0                FailPrompt
                0x080012fc                Pass74HC00Prompt
                0x0800130c                Pass74HC02Prompt
                0x0800131c                Pass74HC04Prompt
                0x0800132c                Pass74HC08Prompt
                0x0800133c                Pass74HC10Prompt
                0x0800134c                Pass74HC20Prompt
                0x0800135c                Pass74HC27Prompt
                0x0800136c                Pass74HC86Prompt
                0x0800137c                MultiPrompt
                0x0800138c                TestingPrompt
                0x08001398                IC_74HC00_PARAM
                0x080013ac                IC_74HC02_PARAM
                0x080013c0                IC_74HC04_PARAM
                0x080013d4                IC_74HC08_PARAM
                0x080013e8                IC_74HC10_PARAM
                0x080013fc                IC_74HC20_PARAM
                0x08001410                IC_74HC27_PARAM
                0x08001424                IC_74HC86_PARAM
 *(.rodata*)
                0x08001438                . = ALIGN (0x4)
 *fill*         0x08001436        0x2 

.rel.dyn        0x08001438        0x0
 .rel.iplt      0x08001438        0x0 c:/ac6/systemworkbench/plugins/fr.ac6.mcu.externaltools.arm-none.win32_1.16.0.201807130628/tools/compiler/bin/../lib/gcc/arm-none-eabi/7.2.1/thumb/v6-m/crtbegin.o

.ARM.extab
 *(.ARM.extab* .gnu.linkonce.armextab.*)

.ARM            0x08001438        0x0
                0x08001438                __exidx_start = .
 *(.ARM.exidx*)
                0x08001438                __exidx_end = .

.preinit_array  0x08001438        0x0
                0x08001438                PROVIDE (__preinit_array_start, .)
 *(.preinit_array*)
                0x08001438                PROVIDE (__preinit_array_end, .)

.init_array     0x08001438        0x4
                0x08001438                PROVIDE (__init_array_start, .)
 *(SORT_BY_NAME(.init_array.*))
 *(.init_array*)
 .init_array    0x08001438        0x4 c:/ac6/systemworkbench/plugins/fr.ac6.mcu.externaltools.arm-none.win32_1.16.0.201807130628/tools/compiler/bin/../lib/gcc/arm-none-eabi/7.2.1/thumb/v6-m/crtbegin.o
                0x0800143c                PROVIDE (__init_array_end, .)

.fini_array     0x0800143c        0x4
                [!provide]                PROVIDE (__fini_array_start, .)
 *(SORT_BY_NAME(.fini_array.*))
 *(.fini_array*)
 .fini_array    0x0800143c        0x4 c:/ac6/systemworkbench/plugins/fr.ac6.mcu.externaltools.arm-none.win32_1.16.0.201807130628/tools/compiler/bin/../lib/gcc/arm-none-eabi/7.2.1/thumb/v6-m/crtbegin.o
                [!provide]                PROVIDE (__fini_array_end, .)
                0x08001440                _sidata = LOADADDR (.data)

.data           0x20000000        0x4 load address 0x08001440
                0x20000000                . = ALIGN (0x4)
                0x20000000                _sdata = .
 *(.data)
 .data          0x20000000        0x1 Board/Button.o
 *(.data*)
                0x20000004                . = ALIGN (0x4)
 *fill*         0x20000001        0x3 
                0x20000004                _edata = .

.igot.plt       0x20000004        0x0 load address 0x08001444
 .igot.plt      0x20000004        0x0 c:/ac6/systemworkbench/plugins/fr.ac6.mcu.externaltools.arm-none.win32_1.16.0.201807130628/tools/compiler/bin/../lib/gcc/arm-none-eabi/7.2.1/thumb/v6-m/crtbegin.o
                0x20000004                . = ALIGN (0x4)

.bss            0x20000004       0x34 load address 0x08001444
                0x20000004                _sbss = .
                0x20000004                __bss_start__ = _sbss
 *(.bss)
 .bss           0x20000004       0x1c c:/ac6/systemworkbench/plugins/fr.ac6.mcu.externaltools.arm-none.win32_1.16.0.201807130628/tools/compiler/bin/../lib/gcc/arm-none-eabi/7.2.1/thumb/v6-m/crtbegin.o
 .bss           0x20000020        0x2 Board/Button.o
 *fill*         0x20000022        0x2 
 .bss           0x20000024        0xc Src/SysTick.o
 .bss           0x20000030        0x8 Src/main.o
 *(.bss*)
 *(COMMON)
                0x20000038                . = ALIGN (0x4)
                0x20000038                _ebss = .
                0x20000038                __bss_end__ = _ebss

._user_heap_stack
                0x20000038      0x600 load address 0x08001444
                0x20000038                . = ALIGN (0x8)
                [!provide]                PROVIDE (end, .)
                [!provide]                PROVIDE (_end, .)
                0x20000238                . = (. + _Min_Heap_Size)
 *fill*         0x20000038      0x200 
                0x20000638                . = (. + _Min_Stack_Size)
 *fill*         0x20000238      0x400 
                0x20000638                . = ALIGN (0x8)

/DISCARD/
 libc.a(*)
 libm.a(*)
 libgcc.a(*)

.ARM.attributes
                0x00000000       0x28
 *(.ARM.attributes)
 .ARM.attributes
                0x00000000       0x1e c:/ac6/systemworkbench/plugins/fr.ac6.mcu.externaltools.arm-none.win32_1.16.0.201807130628/tools/compiler/bin/../lib/gcc/arm-none-eabi/7.2.1/thumb/v6-m/crti.o
 .ARM.attributes
                0x0000001e       0x2c c:/ac6/systemworkbench/plugins/fr.ac6.mcu.externaltools.arm-none.win32_1.16.0.201807130628/tools/compiler/bin/../lib/gcc/arm-none-eabi/7.2.1/thumb/v6-m/crtbegin.o
 .ARM.attributes
                0x0000004a       0x32 Board/Button.o
 .ARM.attributes
                0x0000007c       0x32 Board/Checker.o
 .ARM.attributes
                0x000000ae       0x32 Board/I2C.o
 .ARM.attributes
                0x000000e0       0x32 Board/LCD.o
 .ARM.attributes
                0x00000112       0x32 Src/SysTick.o
 .ARM.attributes
                0x00000144       0x32 Src/main.o
 .ARM.attributes
                0x00000176       0x32 Src/system_stm32l0xx.o
 .ARM.attributes
                0x000001a8       0x22 startup/startup_stm32l053xx.o
 .ARM.attributes
                0x000001ca       0x1e c:/ac6/systemworkbench/plugins/fr.ac6.mcu.externaltools.arm-none.win32_1.16.0.201807130628/tools/compiler/bin/../lib/gcc/arm-none-eabi/7.2.1/thumb/v6-m\libgcc.a(_udivsi3.o)
 .ARM.attributes
                0x000001e8       0x1e c:/ac6/systemworkbench/plugins/fr.ac6.mcu.externaltools.arm-none.win32_1.16.0.201807130628/tools/compiler/bin/../lib/gcc/arm-none-eabi/7.2.1/thumb/v6-m\libgcc.a(_dvmd_tls.o)
 .ARM.attributes
                0x00000206       0x2c c:/ac6/systemworkbench/plugins/fr.ac6.mcu.externaltools.arm-none.win32_1.16.0.201807130628/tools/compiler/bin/../lib/gcc/arm-none-eabi/7.2.1/../../../../arm-none-eabi/lib/thumb/v6-m\libc_nano.a(lib_a-init.o)
 .ARM.attributes
                0x00000232       0x1e c:/ac6/systemworkbench/plugins/fr.ac6.mcu.externaltools.arm-none.win32_1.16.0.201807130628/tools/compiler/bin/../lib/gcc/arm-none-eabi/7.2.1/thumb/v6-m/crtn.o
OUTPUT(IC Checker v2.0.elf elf32-littlearm)

.debug_info     0x00000000     0x291a
 .debug_info    0x00000000      0x3a5 Board/Button.o
 .debug_info    0x000003a5      0x7fb Board/Checker.o
 .debug_info    0x00000ba0      0x417 Board/I2C.o
 .debug_info    0x00000fb7      0x92f Board/LCD.o
 .debug_info    0x000018e6      0x4e4 Src/SysTick.o
 .debug_info    0x00001dca      0x7ac Src/main.o
 .debug_info    0x00002576      0x382 Src/system_stm32l0xx.o
 .debug_info    0x000028f8       0x22 startup/startup_stm32l053xx.o

.debug_abbrev   0x00000000      0xa3a
 .debug_abbrev  0x00000000      0x129 Board/Button.o
 .debug_abbrev  0x00000129      0x1e3 Board/Checker.o
 .debug_abbrev  0x0000030c       0xfc Board/I2C.o
 .debug_abbrev  0x00000408      0x221 Board/LCD.o
 .debug_abbrev  0x00000629      0x1c0 Src/SysTick.o
 .debug_abbrev  0x000007e9      0x13f Src/main.o
 .debug_abbrev  0x00000928      0x100 Src/system_stm32l0xx.o
 .debug_abbrev  0x00000a28       0x12 startup/startup_stm32l053xx.o

.debug_loc      0x00000000      0xc29
 .debug_loc     0x00000000       0x6b Board/Button.o
 .debug_loc     0x0000006b      0x60d Board/Checker.o
 .debug_loc     0x00000678       0x94 Board/I2C.o
 .debug_loc     0x0000070c      0x23a Board/LCD.o
 .debug_loc     0x00000946       0x3f Src/SysTick.o
 .debug_loc     0x00000985      0x102 Src/main.o
 .debug_loc     0x00000a87      0x1a2 Src/system_stm32l0xx.o

.debug_aranges  0x00000000      0x1c8
 .debug_aranges
                0x00000000       0x30 Board/Button.o
 .debug_aranges
                0x00000030       0x50 Board/Checker.o
 .debug_aranges
                0x00000080       0x30 Board/I2C.o
 .debug_aranges
                0x000000b0       0x68 Board/LCD.o
 .debug_aranges
                0x00000118       0x30 Src/SysTick.o
 .debug_aranges
                0x00000148       0x30 Src/main.o
 .debug_aranges
                0x00000178       0x28 Src/system_stm32l0xx.o
 .debug_aranges
                0x000001a0       0x28 startup/startup_stm32l053xx.o

.debug_ranges   0x00000000      0x150
 .debug_ranges  0x00000000       0x20 Board/Button.o
 .debug_ranges  0x00000020       0x40 Board/Checker.o
 .debug_ranges  0x00000060       0x20 Board/I2C.o
 .debug_ranges  0x00000080       0x58 Board/LCD.o
 .debug_ranges  0x000000d8       0x20 Src/SysTick.o
 .debug_ranges  0x000000f8       0x20 Src/main.o
 .debug_ranges  0x00000118       0x18 Src/system_stm32l0xx.o
 .debug_ranges  0x00000130       0x20 startup/startup_stm32l053xx.o

.debug_macro    0x00000000     0xb7ac
 .debug_macro   0x00000000       0xc3 Board/Button.o
 .debug_macro   0x000000c3      0xa4e Board/Button.o
 .debug_macro   0x00000b11       0x28 Board/Button.o
 .debug_macro   0x00000b39       0x22 Board/Button.o
 .debug_macro   0x00000b5b       0x87 Board/Button.o
 .debug_macro   0x00000be2       0x51 Board/Button.o
 .debug_macro   0x00000c33       0xef Board/Button.o
 .debug_macro   0x00000d22       0x6a Board/Button.o
 .debug_macro   0x00000d8c      0x1df Board/Button.o
 .debug_macro   0x00000f6b       0x34 Board/Button.o
 .debug_macro   0x00000f9f       0x26 Board/Button.o
 .debug_macro   0x00000fc5      0x44f Board/Button.o
 .debug_macro   0x00001414     0x9d0d Board/Button.o
 .debug_macro   0x0000b121       0x16 Board/Button.o
 .debug_macro   0x0000b137       0xcf Board/Checker.o
 .debug_macro   0x0000b206       0x52 Board/Checker.o
 .debug_macro   0x0000b258       0xd5 Board/I2C.o
 .debug_macro   0x0000b32d       0x10 Board/I2C.o
 .debug_macro   0x0000b33d      0x144 Board/LCD.o
 .debug_macro   0x0000b481       0x16 Board/LCD.o
 .debug_macro   0x0000b497       0xbe Src/SysTick.o
 .debug_macro   0x0000b555      0x118 Src/main.o
 .debug_macro   0x0000b66d       0xd5 Src/system_stm32l0xx.o
 .debug_macro   0x0000b742       0x2e Src/system_stm32l0xx.o
 .debug_macro   0x0000b770       0x3c Src/system_stm32l0xx.o

.debug_line     0x00000000     0x2474
 .debug_line    0x00000000      0x4a2 Board/Button.o
 .debug_line    0x000004a2      0x640 Board/Checker.o
 .debug_line    0x00000ae2      0x49b Board/I2C.o
 .debug_line    0x00000f7d      0x576 Board/LCD.o
 .debug_line    0x000014f3      0x49c Src/SysTick.o
 .debug_line    0x0000198f      0x5c2 Src/main.o
 .debug_line    0x00001f51      0x4a0 Src/system_stm32l0xx.o
 .debug_line    0x000023f1       0x83 startup/startup_stm32l053xx.o

.debug_str      0x00000000    0x3cc8a
 .debug_str     0x00000000    0x3b98d Board/Button.o
                              0x3bb6b (size before relaxing)
 .debug_str     0x0003b98d      0x48f Board/Checker.o
                              0x3beec (size before relaxing)
 .debug_str     0x0003be1c      0x1a7 Board/I2C.o
                              0x3bc04 (size before relaxing)
 .debug_str     0x0003bfc3      0x4ee Board/LCD.o
                              0x3c00c (size before relaxing)
 .debug_str     0x0003c4b1      0x122 Src/SysTick.o
                              0x3bcbc (size before relaxing)
 .debug_str     0x0003c5d3      0x2e7 Src/main.o
                              0x3bfba (size before relaxing)
 .debug_str     0x0003c8ba      0x3a0 Src/system_stm32l0xx.o
                              0x3bdfa (size before relaxing)
 .debug_str     0x0003cc5a       0x30 startup/startup_stm32l053xx.o
                                 0xa6 (size before relaxing)

.comment        0x00000000       0x7e
 .comment       0x00000000       0x7e Board/Button.o
                                 0x7f (size before relaxing)
 .comment       0x0000007e       0x7f Board/Checker.o
 .comment       0x0000007e       0x7f Board/I2C.o
 .comment       0x0000007e       0x7f Board/LCD.o
 .comment       0x0000007e       0x7f Src/SysTick.o
 .comment       0x0000007e       0x7f Src/main.o
 .comment       0x0000007e       0x7f Src/system_stm32l0xx.o

.debug_frame    0x00000000      0x364
 .debug_frame   0x00000000       0x40 Board/Button.o
 .debug_frame   0x00000040       0xb4 Board/Checker.o
 .debug_frame   0x000000f4       0x4c Board/I2C.o
 .debug_frame   0x00000140       0xfc Board/LCD.o
 .debug_frame   0x0000023c       0x48 Src/SysTick.o
 .debug_frame   0x00000284       0x5c Src/main.o
 .debug_frame   0x000002e0       0x38 Src/system_stm32l0xx.o
 .debug_frame   0x00000318       0x20 c:/ac6/systemworkbench/plugins/fr.ac6.mcu.externaltools.arm-none.win32_1.16.0.201807130628/tools/compiler/bin/../lib/gcc/arm-none-eabi/7.2.1/thumb/v6-m\libgcc.a(_udivsi3.o)
 .debug_frame   0x00000338       0x2c c:/ac6/systemworkbench/plugins/fr.ac6.mcu.externaltools.arm-none.win32_1.16.0.201807130628/tools/compiler/bin/../lib/gcc/arm-none-eabi/7.2.1/../../../../arm-none-eabi/lib/thumb/v6-m\libc_nano.a(lib_a-init.o)
