Archive member included to satisfy reference by file (symbol)

c:/ac6/systemworkbench/plugins/fr.ac6.mcu.externaltools.arm-none.win32_1.16.0.201807130628/tools/compiler/bin/../lib/gcc/arm-none-eabi/7.2.1/thumb/v6-m\libgcc.a(_udivsi3.o)
                              Board/Checker.o (__aeabi_uidiv)
c:/ac6/systemworkbench/plugins/fr.ac6.mcu.externaltools.arm-none.win32_1.16.0.201807130628/tools/compiler/bin/../lib/gcc/arm-none-eabi/7.2.1/thumb/v6-m\libgcc.a(_dvmd_tls.o)
                              c:/ac6/systemworkbench/plugins/fr.ac6.mcu.externaltools.arm-none.win32_1.16.0.201807130628/tools/compiler/bin/../lib/gcc/arm-none-eabi/7.2.1/thumb/v6-m\libgcc.a(_udivsi3.o) (__aeabi_idiv0)
c:/ac6/systemworkbench/plugins/fr.ac6.mcu.externaltools.arm-none.win32_1.16.0.201807130628/tools/compiler/bin/../lib/gcc/arm-none-eabi/7.2.1/../../../../arm-none-eabi/lib/thumb/v6-m\libc_nano.a(lib_a-exit.o)
                              c:/ac6/systemworkbench/plugins/fr.ac6.mcu.externaltools.arm-none.win32_1.16.0.201807130628/tools/compiler/bin/../lib/gcc/arm-none-eabi/7.2.1/../../../../arm-none-eabi/lib/thumb/v6-m/crt0.o (exit)
c:/ac6/systemworkbench/plugins/fr.ac6.mcu.externaltools.arm-none.win32_1.16.0.201807130628/tools/compiler/bin/../lib/gcc/arm-none-eabi/7.2.1/../../../../arm-none-eabi/lib/thumb/v6-m\libc_nano.a(lib_a-impure.o)
                              c:/ac6/systemworkbench/plugins/fr.ac6.mcu.externaltools.arm-none.win32_1.16.0.201807130628/tools/compiler/bin/../lib/gcc/arm-none-eabi/7.2.1/../../../../arm-none-eabi/lib/thumb/v6-m\libc_nano.a(lib_a-exit.o) (_global_impure_ptr)
c:/ac6/systemworkbench/plugins/fr.ac6.mcu.externaltools.arm-none.win32_1.16.0.201807130628/tools/compiler/bin/../lib/gcc/arm-none-eabi/7.2.1/../../../../arm-none-eabi/lib/thumb/v6-m\libc_nano.a(lib_a-init.o)
                              c:/ac6/systemworkbench/plugins/fr.ac6.mcu.externaltools.arm-none.win32_1.16.0.201807130628/tools/compiler/bin/../lib/gcc/arm-none-eabi/7.2.1/../../../../arm-none-eabi/lib/thumb/v6-m/crt0.o (__libc_init_array)
c:/ac6/systemworkbench/plugins/fr.ac6.mcu.externaltools.arm-none.win32_1.16.0.201807130628/tools/compiler/bin/../lib/gcc/arm-none-eabi/7.2.1/../../../../arm-none-eabi/lib/thumb/v6-m\libc_nano.a(lib_a-memset.o)
                              c:/ac6/systemworkbench/plugins/fr.ac6.mcu.externaltools.arm-none.win32_1.16.0.201807130628/tools/compiler/bin/../lib/gcc/arm-none-eabi/7.2.1/../../../../arm-none-eabi/lib/thumb/v6-m/crt0.o (memset)
c:/ac6/systemworkbench/plugins/fr.ac6.mcu.externaltools.arm-none.win32_1.16.0.201807130628/tools/compiler/bin/../lib/gcc/arm-none-eabi/7.2.1/../../../../arm-none-eabi/lib/thumb/v6-m\libnosys.a(_exit.o)
                              c:/ac6/systemworkbench/plugins/fr.ac6.mcu.externaltools.arm-none.win32_1.16.0.201807130628/tools/compiler/bin/../lib/gcc/arm-none-eabi/7.2.1/../../../../arm-none-eabi/lib/thumb/v6-m\libc_nano.a(lib_a-exit.o) (_exit)

Allocating common symbols
Common symbol       size              file

uwTick              0x4               Drivers/STM32L0xx_HAL_Driver/Src/stm32l0xx_hal.o
pFlash              0x18              Drivers/STM32L0xx_HAL_Driver/Src/stm32l0xx_hal_flash.o

Discarded input sections

 .text          0x00000000        0x0 c:/ac6/systemworkbench/plugins/fr.ac6.mcu.externaltools.arm-none.win32_1.16.0.201807130628/tools/compiler/bin/../lib/gcc/arm-none-eabi/7.2.1/thumb/v6-m/crti.o
 .data          0x00000000        0x0 c:/ac6/systemworkbench/plugins/fr.ac6.mcu.externaltools.arm-none.win32_1.16.0.201807130628/tools/compiler/bin/../lib/gcc/arm-none-eabi/7.2.1/thumb/v6-m/crti.o
 .bss           0x00000000        0x0 c:/ac6/systemworkbench/plugins/fr.ac6.mcu.externaltools.arm-none.win32_1.16.0.201807130628/tools/compiler/bin/../lib/gcc/arm-none-eabi/7.2.1/thumb/v6-m/crti.o
 .data          0x00000000        0x4 c:/ac6/systemworkbench/plugins/fr.ac6.mcu.externaltools.arm-none.win32_1.16.0.201807130628/tools/compiler/bin/../lib/gcc/arm-none-eabi/7.2.1/thumb/v6-m/crtbegin.o
 .text          0x00000000       0x78 c:/ac6/systemworkbench/plugins/fr.ac6.mcu.externaltools.arm-none.win32_1.16.0.201807130628/tools/compiler/bin/../lib/gcc/arm-none-eabi/7.2.1/../../../../arm-none-eabi/lib/thumb/v6-m/crt0.o
 .data          0x00000000        0x0 c:/ac6/systemworkbench/plugins/fr.ac6.mcu.externaltools.arm-none.win32_1.16.0.201807130628/tools/compiler/bin/../lib/gcc/arm-none-eabi/7.2.1/../../../../arm-none-eabi/lib/thumb/v6-m/crt0.o
 .bss           0x00000000        0x0 c:/ac6/systemworkbench/plugins/fr.ac6.mcu.externaltools.arm-none.win32_1.16.0.201807130628/tools/compiler/bin/../lib/gcc/arm-none-eabi/7.2.1/../../../../arm-none-eabi/lib/thumb/v6-m/crt0.o
 .ARM.extab     0x00000000        0x0 c:/ac6/systemworkbench/plugins/fr.ac6.mcu.externaltools.arm-none.win32_1.16.0.201807130628/tools/compiler/bin/../lib/gcc/arm-none-eabi/7.2.1/../../../../arm-none-eabi/lib/thumb/v6-m/crt0.o
[...]
Memory Configuration

Name             Origin             Length             Attributes
RAM              0x20000000         0x00002000         xrw
FLASH            0x08000000         0x00010000         xr
*default*        0x00000000         0xffffffff

Linker script and memory map

LOAD c:/ac6/systemworkbench/plugins/fr.ac6.mcu.externaltools.arm-none.win32_1.16.0.201807130628/tools/compiler/bin/../lib/gcc/arm-none-eabi/7.2.1/thumb/v6-m/crti.o
LOAD c:/ac6/systemworkbench/plugins/fr.ac6.mcu.externaltools.arm-none.win32_1.16.0.201807130628/tools/compiler/bin/../lib/gcc/arm-none-eabi/7.2.1/thumb/v6-m/crtbegin.o
LOAD c:/ac6/systemworkbench/plugins/fr.ac6.mcu.externaltools.arm-none.win32_1.16.0.201807130628/tools/compiler/bin/../lib/gcc/arm-none-eabi/7.2.1/../../../../arm-none-eabi/lib/thumb/v6-m/crt0.o
LOAD Board/Button.o
LOAD Board/Checker.o
LOAD Board/LED.o
LOAD Drivers/STM32L0xx_HAL_Driver/Src/stm32l0xx_hal.o
LOAD Drivers/STM32L0xx_HAL_Driver/Src/stm32l0xx_hal_cortex.o
LOAD Drivers/STM32L0xx_HAL_Driver/Src/stm32l0xx_hal_dma.o
LOAD Drivers/STM32L0xx_HAL_Driver/Src/stm32l0xx_hal_flash.o
LOAD Drivers/STM32L0xx_HAL_Driver/Src/stm32l0xx_hal_flash_ex.o
LOAD Drivers/STM32L0xx_HAL_Driver/Src/stm32l0xx_hal_flash_ramfunc.o
LOAD Drivers/STM32L0xx_HAL_Driver/Src/stm32l0xx_hal_gpio.o
LOAD Drivers/STM32L0xx_HAL_Driver/Src/stm32l0xx_hal_i2c.o
LOAD Drivers/STM32L0xx_HAL_Driver/Src/stm32l0xx_hal_i2c_ex.o
LOAD Drivers/STM32L0xx_HAL_Driver/Src/stm32l0xx_hal_pwr.o
LOAD Drivers/STM32L0xx_HAL_Driver/Src/stm32l0xx_hal_pwr_ex.o
LOAD Drivers/STM32L0xx_HAL_Driver/Src/stm32l0xx_hal_rcc.o
LOAD Drivers/STM32L0xx_HAL_Driver/Src/stm32l0xx_hal_rcc_ex.o
LOAD Drivers/STM32L0xx_HAL_Driver/Src/stm32l0xx_hal_tim.o
LOAD Drivers/STM32L0xx_HAL_Driver/Src/stm32l0xx_hal_tim_ex.o
LOAD Src/SysTick.o
LOAD Src/main.o
LOAD Src/stm32l0xx_hal_msp.o
LOAD Src/stm32l0xx_it.o
LOAD Src/system_stm32l0xx.o
LOAD startup/startup_stm32l053xx.o
LOAD c:/ac6/systemworkbench/plugins/fr.ac6.mcu.externaltools.arm-none.win32_1.16.0.201807130628/tools/compiler/bin/../lib/gcc/arm-none-eabi/7.2.1/../../../../arm-none-eabi/lib/thumb/v6-m\libm.a
START GROUP
LOAD c:/ac6/systemworkbench/plugins/fr.ac6.mcu.externaltools.arm-none.win32_1.16.0.201807130628/tools/compiler/bin/../lib/gcc/arm-none-eabi/7.2.1/thumb/v6-m\libgcc.a
LOAD c:/ac6/systemworkbench/plugins/fr.ac6.mcu.externaltools.arm-none.win32_1.16.0.201807130628/tools/compiler/bin/../lib/gcc/arm-none-eabi/7.2.1/../../../../arm-none-eabi/lib/thumb/v6-m\libc_nano.a
END GROUP
START GROUP
LOAD c:/ac6/systemworkbench/plugins/fr.ac6.mcu.externaltools.arm-none.win32_1.16.0.201807130628/tools/compiler/bin/../lib/gcc/arm-none-eabi/7.2.1/thumb/v6-m\libgcc.a
LOAD c:/ac6/systemworkbench/plugins/fr.ac6.mcu.externaltools.arm-none.win32_1.16.0.201807130628/tools/compiler/bin/../lib/gcc/arm-none-eabi/7.2.1/../../../../arm-none-eabi/lib/thumb/v6-m\libc_nano.a
LOAD c:/ac6/systemworkbench/plugins/fr.ac6.mcu.externaltools.arm-none.win32_1.16.0.201807130628/tools/compiler/bin/../lib/gcc/arm-none-eabi/7.2.1/../../../../arm-none-eabi/lib/thumb/v6-m\libnosys.a
END GROUP
START GROUP
LOAD c:/ac6/systemworkbench/plugins/fr.ac6.mcu.externaltools.arm-none.win32_1.16.0.201807130628/tools/compiler/bin/../lib/gcc/arm-none-eabi/7.2.1/thumb/v6-m\libgcc.a
LOAD c:/ac6/systemworkbench/plugins/fr.ac6.mcu.externaltools.arm-none.win32_1.16.0.201807130628/tools/compiler/bin/../lib/gcc/arm-none-eabi/7.2.1/../../../../arm-none-eabi/lib/thumb/v6-m\libc_nano.a
LOAD c:/ac6/systemworkbench/plugins/fr.ac6.mcu.externaltools.arm-none.win32_1.16.0.201807130628/tools/compiler/bin/../lib/gcc/arm-none-eabi/7.2.1/../../../../arm-none-eabi/lib/thumb/v6-m\libnosys.a
END GROUP
LOAD c:/ac6/systemworkbench/plugins/fr.ac6.mcu.externaltools.arm-none.win32_1.16.0.201807130628/tools/compiler/bin/../lib/gcc/arm-none-eabi/7.2.1/thumb/v6-m/crtend.o
LOAD c:/ac6/systemworkbench/plugins/fr.ac6.mcu.externaltools.arm-none.win32_1.16.0.201807130628/tools/compiler/bin/../lib/gcc/arm-none-eabi/7.2.1/thumb/v6-m/crtn.o
                0x20002000                _estack = 0x20002000
                0x00000200                _Min_Heap_Size = 0x200
                0x00000400                _Min_Stack_Size = 0x400

.isr_vector     0x08000000       0xc0
                0x08000000                . = ALIGN (0x4)
 *(.isr_vector)
 .isr_vector    0x08000000       0xc0 startup/startup_stm32l053xx.o
                0x08000000                g_pfnVectors
                0x080000c0                . = ALIGN (0x4)

.text           0x080000c0      0xde0
                0x080000c0                . = ALIGN (0x4)
 *(.text)
 .text          0x080000c0       0x48 c:/ac6/systemworkbench/plugins/fr.ac6.mcu.externaltools.arm-none.win32_1.16.0.201807130628/tools/compiler/bin/../lib/gcc/arm-none-eabi/7.2.1/thumb/v6-m/crtbegin.o
 .text          0x08000108      0x114 c:/ac6/systemworkbench/plugins/fr.ac6.mcu.externaltools.arm-none.win32_1.16.0.201807130628/tools/compiler/bin/../lib/gcc/arm-none-eabi/7.2.1/thumb/v6-m\libgcc.a(_udivsi3.o)
                0x08000108                __aeabi_uidiv
                0x08000108                __udivsi3
                0x08000214                __aeabi_uidivmod
 .text          0x0800021c        0x4 c:/ac6/systemworkbench/plugins/fr.ac6.mcu.externaltools.arm-none.win32_1.16.0.201807130628/tools/compiler/bin/../lib/gcc/arm-none-eabi/7.2.1/thumb/v6-m\libgcc.a(_dvmd_tls.o)
                0x0800021c                __aeabi_idiv0
                0x0800021c                __aeabi_ldiv0
 *(.text*)
 .text.ButtonInit
                0x08000220       0x30 Board/Button.o
                0x08000220                ButtonInit
 .text.ButtonDBReadTask
                0x08000250       0x90 Board/Button.o
                0x08000250                ButtonDBReadTask
 .text.ButtonGet
                0x080002e0       0x14 Board/Button.o
                0x080002e0                ButtonGet
 .text.checkerSetICInput
                0x080002f4      0x138 Board/Checker.o
 .text.checkerClrICInput
                0x0800042c      0x138 Board/Checker.o
 .text.checkerSetClrInputs
                0x08000564       0x20 Board/Checker.o
 .text.checkerReadICOutput
                0x08000584      0x238 Board/Checker.o
 .text.checkerFailTest
                0x080007bc       0xa4 Board/Checker.o
 .text.CheckerInit
                0x08000860       0x2c Board/Checker.o
                0x08000860                CheckerInit
 .text.CheckerTestIC
                0x0800088c      0x14c Board/Checker.o
                0x0800088c                CheckerTestIC
 .text.LEDInit  0x080009d8       0x68 Board/LED.o
                0x080009d8                LEDInit
 .text.LEDGreenOn
                0x08000a40       0x2c Board/LED.o
                0x08000a40                LEDGreenOn
 .text.LEDRedOn
                0x08000a6c       0x2c Board/LED.o
                0x08000a6c                LEDRedOn
 .text.LEDOrangeOn
                0x08000a98       0x2c Board/LED.o
                0x08000a98                LEDOrangeOn
 .text.LEDsOff  0x08000ac4       0x20 Board/LED.o
                0x08000ac4                LEDsOff
 .text.TIM21_IRQHandler
                0x08000ae4       0x34 Board/LED.o
                0x08000ae4                TIM21_IRQHandler
 .text.SysTickInit
                0x08000b18       0x38 Src/SysTick.o
                0x08000b18                SysTickInit
 .text.SysTickWaitTask
                0x08000b50       0x28 Src/SysTick.o
                0x08000b50                SysTickWaitTask
 .text.SysTick_Handler
                0x08000b78       0x10 Src/SysTick.o
                0x08000b78                SysTick_Handler
 .text.ControlTask
                0x08000b88      0x1dc Src/main.o
                0x08000b88                ControlTask
 .text.main     0x08000d64       0x22 Src/main.o
                0x08000d64                main
 .text.NMI_Handler
                0x08000d86        0x2 Src/stm32l0xx_it.o
                0x08000d86                NMI_Handler
 .text.HardFault_Handler
                0x08000d88        0x2 Src/stm32l0xx_it.o
                0x08000d88                HardFault_Handler
 .text.SVC_Handler
                0x08000d8a        0x2 Src/stm32l0xx_it.o
                0x08000d8a                SVC_Handler
 .text.PendSV_Handler
                0x08000d8c        0x2 Src/stm32l0xx_it.o
                0x08000d8c                PendSV_Handler
 *fill*         0x08000d8e        0x2 
 .text.SystemInit
                0x08000d90       0x5c Src/system_stm32l0xx.o
                0x08000d90                SystemInit
 .text.Reset_Handler
                0x08000dec       0x50 startup/startup_stm32l053xx.o
                0x08000dec                Reset_Handler
 .text.Default_Handler
                0x08000e3c        0x2 startup/startup_stm32l053xx.o
                0x08000e3c                TSC_IRQHandler
                0x08000e3c                ADC1_COMP_IRQHandler
                0x08000e3c                PVD_IRQHandler
                0x08000e3c                I2C1_IRQHandler
                0x08000e3c                RCC_CRS_IRQHandler
                0x08000e3c                SPI1_IRQHandler
                0x08000e3c                TIM6_DAC_IRQHandler
                0x08000e3c                EXTI2_3_IRQHandler
                0x08000e3c                I2C2_IRQHandler
                0x08000e3c                RTC_IRQHandler
                0x08000e3c                LCD_IRQHandler
                0x08000e3c                DMA1_Channel4_5_6_7_IRQHandler
                0x08000e3c                EXTI4_15_IRQHandler
                0x08000e3c                DMA1_Channel1_IRQHandler
                0x08000e3c                Default_Handler
                0x08000e3c                TIM22_IRQHandler
                0x08000e3c                EXTI0_1_IRQHandler
                0x08000e3c                USB_IRQHandler
                0x08000e3c                SPI2_IRQHandler
                0x08000e3c                WWDG_IRQHandler
                0x08000e3c                TIM2_IRQHandler
                0x08000e3c                DMA1_Channel2_3_IRQHandler
                0x08000e3c                USART2_IRQHandler
                0x08000e3c                FLASH_IRQHandler
                0x08000e3c                USART1_IRQHandler
                0x08000e3c                RNG_LPUART1_IRQHandler
                0x08000e3c                LPTIM1_IRQHandler
 *fill*         0x08000e3e        0x2 
 .text.__libc_init_array
                0x08000e40       0x48 c:/ac6/systemworkbench/plugins/fr.ac6.mcu.externaltools.arm-none.win32_1.16.0.201807130628/tools/compiler/bin/../lib/gcc/arm-none-eabi/7.2.1/../../../../arm-none-eabi/lib/thumb/v6-m\libc_nano.a(lib_a-init.o)
                0x08000e40                __libc_init_array
 *(.glue_7)
 .glue_7        0x08000e88        0x0 linker stubs
 *(.glue_7t)
 .glue_7t       0x08000e88        0x0 linker stubs
 *(.eh_frame)
 .eh_frame      0x08000e88        0x0 c:/ac6/systemworkbench/plugins/fr.ac6.mcu.externaltools.arm-none.win32_1.16.0.201807130628/tools/compiler/bin/../lib/gcc/arm-none-eabi/7.2.1/thumb/v6-m/crtbegin.o
 *(.init)
 .init          0x08000e88        0x4 c:/ac6/systemworkbench/plugins/fr.ac6.mcu.externaltools.arm-none.win32_1.16.0.201807130628/tools/compiler/bin/../lib/gcc/arm-none-eabi/7.2.1/thumb/v6-m/crti.o
                0x08000e88                _init
 .init          0x08000e8c        0x8 c:/ac6/systemworkbench/plugins/fr.ac6.mcu.externaltools.arm-none.win32_1.16.0.201807130628/tools/compiler/bin/../lib/gcc/arm-none-eabi/7.2.1/thumb/v6-m/crtn.o
 *(.fini)
 .fini          0x08000e94        0x4 c:/ac6/systemworkbench/plugins/fr.ac6.mcu.externaltools.arm-none.win32_1.16.0.201807130628/tools/compiler/bin/../lib/gcc/arm-none-eabi/7.2.1/thumb/v6-m/crti.o
                0x08000e94                _fini
 .fini          0x08000e98        0x8 c:/ac6/systemworkbench/plugins/fr.ac6.mcu.externaltools.arm-none.win32_1.16.0.201807130628/tools/compiler/bin/../lib/gcc/arm-none-eabi/7.2.1/thumb/v6-m/crtn.o
                0x08000ea0                . = ALIGN (0x4)
                0x08000ea0                _etext = .

.vfp11_veneer   0x08000ea0        0x0
 .vfp11_veneer  0x08000ea0        0x0 linker stubs

.v4_bx          0x08000ea0        0x0
 .v4_bx         0x08000ea0        0x0 linker stubs

.iplt           0x08000ea0        0x0
 .iplt          0x08000ea0        0x0 c:/ac6/systemworkbench/plugins/fr.ac6.mcu.externaltools.arm-none.win32_1.16.0.201807130628/tools/compiler/bin/../lib/gcc/arm-none-eabi/7.2.1/thumb/v6-m/crtbegin.o

.rodata         0x08000ea0      0x190
                0x08000ea0                . = ALIGN (0x4)
 *(.rodata)
 .rodata        0x08000ea0       0xc8 Board/Checker.o
 .rodata        0x08000f68       0xc6 Src/main.o
                0x08000f90                IC_74HC00_PARAM
                0x08000fa4                IC_74HC02_PARAM
                0x08000fb8                IC_74HC04_PARAM
                0x08000fcc                IC_74HC08_PARAM
                0x08000fe0                IC_74HC10_PARAM
                0x08000ff4                IC_74HC20_PARAM
                0x08001008                IC_74HC27_PARAM
                0x0800101c                IC_74HC86_PARAM
 *(.rodata*)
                0x08001030                . = ALIGN (0x4)
 *fill*         0x0800102e        0x2 

.rel.dyn        0x08001030        0x0
 .rel.iplt      0x08001030        0x0 c:/ac6/systemworkbench/plugins/fr.ac6.mcu.externaltools.arm-none.win32_1.16.0.201807130628/tools/compiler/bin/../lib/gcc/arm-none-eabi/7.2.1/thumb/v6-m/crtbegin.o

.ARM.extab
 *(.ARM.extab* .gnu.linkonce.armextab.*)

.ARM            0x08001030        0x0
                0x08001030                __exidx_start = .
 *(.ARM.exidx*)
                0x08001030                __exidx_end = .

.preinit_array  0x08001030        0x0
                0x08001030                PROVIDE (__preinit_array_start, .)
 *(.preinit_array*)
                0x08001030                PROVIDE (__preinit_array_end, .)

.init_array     0x08001030        0x4
                0x08001030                PROVIDE (__init_array_start, .)
 *(SORT_BY_NAME(.init_array.*))
 *(.init_array*)
 .init_array    0x08001030        0x4 c:/ac6/systemworkbench/plugins/fr.ac6.mcu.externaltools.arm-none.win32_1.16.0.201807130628/tools/compiler/bin/../lib/gcc/arm-none-eabi/7.2.1/thumb/v6-m/crtbegin.o
                0x08001034                PROVIDE (__init_array_end, .)

.fini_array     0x08001034        0x4
                [!provide]                PROVIDE (__fini_array_start, .)
 *(SORT_BY_NAME(.fini_array.*))
 *(.fini_array*)
 .fini_array    0x08001034        0x4 c:/ac6/systemworkbench/plugins/fr.ac6.mcu.externaltools.arm-none.win32_1.16.0.201807130628/tools/compiler/bin/../lib/gcc/arm-none-eabi/7.2.1/thumb/v6-m/crtbegin.o
                [!provide]                PROVIDE (__fini_array_end, .)
                0x08001038                _sidata = LOADADDR (.data)

.data           0x20000000        0x4 load address 0x08001038
                0x20000000                . = ALIGN (0x4)
                0x20000000                _sdata = .
 *(.data)
 .data          0x20000000        0x1 Board/Button.o
 *(.data*)
                0x20000004                . = ALIGN (0x4)
 *fill*         0x20000001        0x3 
                0x20000004                _edata = .

.igot.plt       0x20000004        0x0 load address 0x0800103c
 .igot.plt      0x20000004        0x0 c:/ac6/systemworkbench/plugins/fr.ac6.mcu.externaltools.arm-none.win32_1.16.0.201807130628/tools/compiler/bin/../lib/gcc/arm-none-eabi/7.2.1/thumb/v6-m/crtbegin.o
                0x20000004                . = ALIGN (0x4)

.bss            0x20000004       0x34 load address 0x0800103c
                0x20000004                _sbss = .
                0x20000004                __bss_start__ = _sbss
 *(.bss)
 .bss           0x20000004       0x1c c:/ac6/systemworkbench/plugins/fr.ac6.mcu.externaltools.arm-none.win32_1.16.0.201807130628/tools/compiler/bin/../lib/gcc/arm-none-eabi/7.2.1/thumb/v6-m/crtbegin.o
 .bss           0x20000020        0x2 Board/Button.o
 .bss           0x20000022        0x1 Board/LED.o
 *fill*         0x20000023        0x1 
 .bss           0x20000024        0xc Src/SysTick.o
 .bss           0x20000030        0x8 Src/main.o
 *(.bss*)
 *(COMMON)
                0x20000038                . = ALIGN (0x4)
                0x20000038                _ebss = .
                0x20000038                __bss_end__ = _ebss

._user_heap_stack
                0x20000038      0x600 load address 0x0800103c
                0x20000038                . = ALIGN (0x8)
                [!provide]                PROVIDE (end, .)
                [!provide]                PROVIDE (_end, .)
                0x20000238                . = (. + _Min_Heap_Size)
 *fill*         0x20000038      0x200 
                0x20000638                . = (. + _Min_Stack_Size)
 *fill*         0x20000238      0x400 
                0x20000638                . = ALIGN (0x8)

/DISCARD/
 libc.a(*)
 libm.a(*)
 libgcc.a(*)

.ARM.attributes
                0x00000000       0x28
 *(.ARM.attributes)
 .ARM.attributes
                0x00000000       0x1e c:/ac6/systemworkbench/plugins/fr.ac6.mcu.externaltools.arm-none.win32_1.16.0.201807130628/tools/compiler/bin/../lib/gcc/arm-none-eabi/7.2.1/thumb/v6-m/crti.o
 .ARM.attributes
                0x0000001e       0x2c c:/ac6/systemworkbench/plugins/fr.ac6.mcu.externaltools.arm-none.win32_1.16.0.201807130628/tools/compiler/bin/../lib/gcc/arm-none-eabi/7.2.1/thumb/v6-m/crtbegin.o
 .ARM.attributes
                0x0000004a       0x32 Board/Button.o
 .ARM.attributes
                0x0000007c       0x32 Board/Checker.o
 .ARM.attributes
                0x000000ae       0x32 Board/LED.o
 .ARM.attributes
                0x000000e0       0x32 Src/SysTick.o
 .ARM.attributes
                0x00000112       0x32 Src/main.o
 .ARM.attributes
                0x00000144       0x32 Src/stm32l0xx_it.o
 .ARM.attributes
                0x00000176       0x32 Src/system_stm32l0xx.o
 .ARM.attributes
                0x000001a8       0x22 startup/startup_stm32l053xx.o
 .ARM.attributes
                0x000001ca       0x1e c:/ac6/systemworkbench/plugins/fr.ac6.mcu.externaltools.arm-none.win32_1.16.0.201807130628/tools/compiler/bin/../lib/gcc/arm-none-eabi/7.2.1/thumb/v6-m\libgcc.a(_udivsi3.o)
 .ARM.attributes
                0x000001e8       0x1e c:/ac6/systemworkbench/plugins/fr.ac6.mcu.externaltools.arm-none.win32_1.16.0.201807130628/tools/compiler/bin/../lib/gcc/arm-none-eabi/7.2.1/thumb/v6-m\libgcc.a(_dvmd_tls.o)
 .ARM.attributes
                0x00000206       0x2c c:/ac6/systemworkbench/plugins/fr.ac6.mcu.externaltools.arm-none.win32_1.16.0.201807130628/tools/compiler/bin/../lib/gcc/arm-none-eabi/7.2.1/../../../../arm-none-eabi/lib/thumb/v6-m\libc_nano.a(lib_a-init.o)
 .ARM.attributes
                0x00000232       0x1e c:/ac6/systemworkbench/plugins/fr.ac6.mcu.externaltools.arm-none.win32_1.16.0.201807130628/tools/compiler/bin/../lib/gcc/arm-none-eabi/7.2.1/thumb/v6-m/crtn.o
OUTPUT(IC Checker v1.5.elf elf32-littlearm)

.debug_info     0x00000000     0x2065
 .debug_info    0x00000000      0x3a5 Board/Button.o
 .debug_info    0x000003a5      0x7fd Board/Checker.o
 .debug_info    0x00000ba2      0x699 Board/LED.o
 .debug_info    0x0000123b      0x4e4 Src/SysTick.o
 .debug_info    0x0000171f      0x427 Src/main.o
 .debug_info    0x00001b46      0x168 Src/stm32l0xx_it.o
 .debug_info    0x00001cae      0x395 Src/system_stm32l0xx.o
 .debug_info    0x00002043       0x22 startup/startup_stm32l053xx.o

.debug_abbrev   0x00000000      0x917
 .debug_abbrev  0x00000000      0x129 Board/Button.o
 .debug_abbrev  0x00000129      0x1e1 Board/Checker.o
 .debug_abbrev  0x0000030a      0x171 Board/LED.o
 .debug_abbrev  0x0000047b      0x1c0 Src/SysTick.o
 .debug_abbrev  0x0000063b      0x125 Src/main.o
 .debug_abbrev  0x00000760       0x94 Src/stm32l0xx_it.o
 .debug_abbrev  0x000007f4      0x111 Src/system_stm32l0xx.o
 .debug_abbrev  0x00000905       0x12 startup/startup_stm32l053xx.o

.debug_loc      0x00000000      0x7dd
 .debug_loc     0x00000000       0x6b Board/Button.o
 .debug_loc     0x0000006b      0x57d Board/Checker.o
 .debug_loc     0x000005e8       0x14 Board/LED.o
 .debug_loc     0x000005fc       0x3f Src/SysTick.o
 .debug_loc     0x0000063b      0x1a2 Src/system_stm32l0xx.o

.debug_aranges  0x00000000      0x1a8
 .debug_aranges
                0x00000000       0x30 Board/Button.o
 .debug_aranges
                0x00000030       0x50 Board/Checker.o
 .debug_aranges
                0x00000080       0x48 Board/LED.o
 .debug_aranges
                0x000000c8       0x30 Src/SysTick.o
 .debug_aranges
                0x000000f8       0x28 Src/main.o
 .debug_aranges
                0x00000120       0x38 Src/stm32l0xx_it.o
 .debug_aranges
                0x00000158       0x28 Src/system_stm32l0xx.o
 .debug_aranges
                0x00000180       0x28 startup/startup_stm32l053xx.o

.debug_ranges   0x00000000      0x148
 .debug_ranges  0x00000000       0x20 Board/Button.o
 .debug_ranges  0x00000020       0x58 Board/Checker.o
 .debug_ranges  0x00000078       0x38 Board/LED.o
 .debug_ranges  0x000000b0       0x20 Src/SysTick.o
 .debug_ranges  0x000000d0       0x18 Src/main.o
 .debug_ranges  0x000000e8       0x28 Src/stm32l0xx_it.o
 .debug_ranges  0x00000110       0x18 Src/system_stm32l0xx.o
 .debug_ranges  0x00000128       0x20 startup/startup_stm32l053xx.o

.debug_macro    0x00000000     0xb82c
 .debug_macro   0x00000000       0xc3 Board/Button.o
 .debug_macro   0x000000c3      0xa4e Board/Button.o
 .debug_macro   0x00000b11       0x28 Board/Button.o
 .debug_macro   0x00000b39       0x22 Board/Button.o
 .debug_macro   0x00000b5b       0x87 Board/Button.o
 .debug_macro   0x00000be2       0x51 Board/Button.o
 .debug_macro   0x00000c33       0xef Board/Button.o
 .debug_macro   0x00000d22       0x6a Board/Button.o
 .debug_macro   0x00000d8c      0x1df Board/Button.o
 .debug_macro   0x00000f6b       0x34 Board/Button.o
 .debug_macro   0x00000f9f       0x26 Board/Button.o
 .debug_macro   0x00000fc5      0x44f Board/Button.o
 .debug_macro   0x00001414     0x9d0d Board/Button.o
 .debug_macro   0x0000b121       0x16 Board/Button.o
 .debug_macro   0x0000b137       0xcf Board/Checker.o
 .debug_macro   0x0000b206       0x52 Board/Checker.o
 .debug_macro   0x0000b258       0xc3 Board/LED.o
 .debug_macro   0x0000b31b       0x10 Board/LED.o
 .debug_macro   0x0000b32b       0xbe Src/SysTick.o
 .debug_macro   0x0000b3e9      0x109 Src/main.o
 .debug_macro   0x0000b4f2      0x1a4 Src/stm32l0xx_it.o
 .debug_macro   0x0000b696      0x196 Src/system_stm32l0xx.o

.debug_line     0x00000000     0x26ea
 .debug_line    0x00000000      0x455 Board/Button.o
 .debug_line    0x00000455      0x5d7 Board/Checker.o
 .debug_line    0x00000a2c      0x483 Board/LED.o
 .debug_line    0x00000eaf      0x450 Src/SysTick.o
 .debug_line    0x000012ff      0x4f6 Src/main.o
 .debug_line    0x000017f5      0x742 Src/stm32l0xx_it.o
 .debug_line    0x00001f37      0x730 Src/system_stm32l0xx.o
 .debug_line    0x00002667       0x83 startup/startup_stm32l053xx.o

.debug_str      0x00000000    0x6bd9d
 .debug_str     0x00000000    0x3b967 Board/Button.o
                              0x3bb45 (size before relaxing)
 .debug_str     0x0003b967      0x45b Board/Checker.o
                              0x3bec6 (size before relaxing)
 .debug_str     0x0003bdc2      0x278 Board/LED.o
                              0x3bd66 (size before relaxing)
 .debug_str     0x0003c03a      0x11d Src/SysTick.o
                              0x3bc96 (size before relaxing)
 .debug_str     0x0003c157      0x214 Src/main.o
                              0x3be73 (size before relaxing)
 .debug_str     0x0003c36b    0x2f990 Src/stm32l0xx_it.o
                              0x6b3f9 (size before relaxing)
 .debug_str     0x0006bcfb       0x72 Src/system_stm32l0xx.o
                              0x6b4c7 (size before relaxing)
 .debug_str     0x0006bd6d       0x30 startup/startup_stm32l053xx.o
                                 0x80 (size before relaxing)

.comment        0x00000000       0x7e
 .comment       0x00000000       0x7e Board/Button.o
                                 0x7f (size before relaxing)
 .comment       0x0000007e       0x7f Board/Checker.o
 .comment       0x0000007e       0x7f Board/LED.o
 .comment       0x0000007e       0x7f Src/SysTick.o
 .comment       0x0000007e       0x7f Src/main.o
 .comment       0x0000007e       0x7f Src/stm32l0xx_it.o
 .comment       0x0000007e       0x7f Src/system_stm32l0xx.o

.debug_frame    0x00000000      0x2cc
 .debug_frame   0x00000000       0x40 Board/Button.o
 .debug_frame   0x00000040       0xb4 Board/Checker.o
 .debug_frame   0x000000f4       0x78 Board/LED.o
 .debug_frame   0x0000016c       0x48 Src/SysTick.o
 .debug_frame   0x000001b4       0x44 Src/main.o
 .debug_frame   0x000001f8       0x50 Src/stm32l0xx_it.o
 .debug_frame   0x00000248       0x38 Src/system_stm32l0xx.o
 .debug_frame   0x00000280       0x20 c:/ac6/systemworkbench/plugins/fr.ac6.mcu.externaltools.arm-none.win32_1.16.0.201807130628/tools/compiler/bin/../lib/gcc/arm-none-eabi/7.2.1/thumb/v6-m\libgcc.a(_udivsi3.o)
 .debug_frame   0x000002a0       0x2c c:/ac6/systemworkbench/plugins/fr.ac6.mcu.externaltools.arm-none.win32_1.16.0.201807130628/tools/compiler/bin/../lib/gcc/arm-none-eabi/7.2.1/../../../../arm-none-eabi/lib/thumb/v6-m\libc_nano.a(lib_a-init.o)
